Order ID,Client Order ID,Instrument,Side,Exec Status,Quantity,Price,Reason
ord1,aa13,Rose,2,New,100,55.00,Success
