Execution_Rep.csv
Order ID,Client Order ID,Instrument,Side,Exec Status,Quantity,Price,Reason,Transaction Time
ord1,aa13,Rose,1,0,100,55.00,,20231213-113556.381
ord2,aa14,Rose,1,0,100,65.00,,20231213-113556.381
ord3,aa15,Rose,2,3,100,65.00,,20231213-113556.381
ord2,aa14,Rose,1,2,100,65.00,,20231213-113556.381
ord3,aa15,Rose,2,3,100,55.00,,20231213-113556.381
ord1,aa13,Rose,1,2,100,55.00,,20231213-113556.381
ord4,aa16,Rose,1,2,100,1.00,,20231213-113556.381
ord3,aa15,Rose,2,2,100,1.00,,20231213-113556.381
